// Vitest Snapshot v1, https://vitest.dev/guide/snapshot.html

exports[`footer block > matches HTML snapshot 1`] = `
"
<!-- start footer-->
<footer class="footer section eb-theme eb-theme--dark">
  <div class="container">
    <div class="footer__brand">
      <svg class="icon icon-eb-monogram footer__monogram">
        <use xlink:href="img/svg/sprite.svg#eb-monogram"></use>
      </svg>
      <p class="footer__wordmark" translate="no">Esthetic Bra</p>
    </div>
    <div class="footer__top">
      <div class="footer__contacts">
        <div class="eb-title footer__contacts-title">
          <h4>Контакты</h4>
        </div>
        <div class="footer__contact-list">
          <div class="footer__contact"><span class="footer__contact-label">Телефон:</span>
            <a class="footer__contact-value" href="tel:+79874344777">+7 (987) 434‑47‑77
            </a>
          </div>
          <div class="footer__contact"><span class="footer__contact-label">Email:</span>
            <a class="footer__contact-value" href="mailto:info@estheticbra.ru">info@estheticbra.ru
            </a>
          </div>
          <div class="footer__contact"><span class="footer__contact-label">Адрес:</span><span class="footer__contact-value">Самара, Московское ш., литер А</span>
          </div>
        </div>
      </div>
      <a class="footer__cta" href="#"><img class="footer__cta-img" src="img/footer/cta-photo.webp" alt="" loading="lazy"/>
        <div class="footer__cta-body">
          <div class="footer__cta-text"><span class="footer__cta-eyebrow">Онлайн запись</span><span class="footer__cta-title">Подбор белья в шоуруме</span>
          </div><span class="footer__cta-arrow" aria-hidden="true">
          <svg class="icon icon-arrow-right ">
            <use xlink:href="img/svg/sprite.svg#arrow-right"></use>
          </svg></span>
        </div>
      </a>
    </div>
    <hr class="footer__divider"/>
    <div class="footer__bottom">
      <div class="footer__subscribe-col">
        <div class="footer__subscribe">
          <div class="eb-title footer__subscribe-title">
            <h4>Будьте в курсе всех новостей</h4>
          </div>
          <form class="footer__subscribe-form" id="footerSubscribeForm" novalidate="novalidate" onsubmit="return false">
            <div class="footer__subscribe-field">
              <label class="visually-hidden" for="footerSubscribeEmail">Ваш email</label>
              <input class="footer__subscribe-input" id="footerSubscribeEmail" type="email" name="email" placeholder="Ваш email" required="required" autocomplete="email" aria-describedby="footerSubscribeError"/>
              <button class="btn eb-btn eb-btn--secondary footer__subscribe-btn" id="footerSubscribeSubmit" type="submit"><span class="eb-btn__label">Подписаться</span></button>
            </div><span class="footer__subscribe-error" id="footerSubscribeError" role="alert">Введите корректный email</span>
          </form>
        </div>
        <div class="footer__social">
          <p class="footer__social-label">Наши социальные сети:
          </p>
          <div class="footer__social-list">
            <a class="footer__social-btn btn eb-icon-btn eb-icon-btn--solid" href="#" aria-label="Мы в VK">
              <svg class="icon icon-vk ">
                <use xlink:href="img/svg/sprite.svg#vk"></use>
              </svg>
            </a>
            <a class="footer__social-btn btn eb-icon-btn eb-icon-btn--solid" href="#" aria-label="Мы в Telegram">
              <svg class="icon icon-telegram ">
                <use xlink:href="img/svg/sprite.svg#telegram"></use>
              </svg>
            </a>
            <a class="footer__social-btn btn eb-icon-btn eb-icon-btn--solid" href="#" aria-label="Написать в WhatsApp">
              <svg class="icon icon-whatsapp ">
                <use xlink:href="img/svg/sprite.svg#whatsapp"></use>
              </svg>
            </a>
          </div>
        </div>
      </div>
      <div class="footer__menus">
        <div class="footer__menu">
          <p class="footer__menu-title">Интернет-магазин
          </p>
          <div class="footer__menu-links">
            <a class="footer__menu-link" href="#">Каталог
            </a>
            <a class="footer__menu-link" href="#">Акции
            </a>
            <a class="footer__menu-link" href="#">Бренды
            </a>
            <a class="footer__menu-link" href="#">Услуги
            </a>
          </div>
        </div>
        <div class="footer__menu">
          <p class="footer__menu-title">О нас
          </p>
          <div class="footer__menu-links">
            <a class="footer__menu-link" href="#">Компания
            </a>
            <a class="footer__menu-link" href="#">Отзывы
            </a>
            <a class="footer__menu-link" href="#">Реквизиты
            </a>
          </div>
        </div>
        <div class="footer__menu footer__menu--split">
          <p class="footer__menu-title">Для клиента
          </p>
          <div class="footer__menu-links">
            <a class="footer__menu-link" href="#">Общая информация
            </a>
            <a class="footer__menu-link" href="#">Условия оплаты
            </a>
            <a class="footer__menu-link" href="#">Условия доставки
            </a>
            <a class="footer__menu-link" href="#">Обмен и возврат
            </a>
            <a class="footer__menu-link" href="#">Вопрос-ответ
            </a>
            <a class="footer__menu-link" href="#">О брафиттинге
            </a>
          </div>
        </div>
      </div>
    </div>
  </div>
  <div class="footer__bottom-bar">
    <div class="container">
      <div class="footer__bottom-bar-inner">
        <p class="footer__copyright">© 2026 EstheticBra Самара
        </p>
        <div class="footer__payments"><img class="footer__payment-icon" src="img/footer/pay-mastercard.svg" alt="" loading="lazy" width="33" height="20"/><img class="footer__payment-icon" src="img/footer/pay-visa.svg" alt="" loading="lazy" width="49" height="16"/><img class="footer__payment-icon" src="img/footer/pay-sber.svg" alt="" loading="lazy" width="24" height="24"/><img class="footer__payment-icon" src="img/footer/pay-alfa.svg" alt="" loading="lazy" width="24" height="24"/><img class="footer__payment-icon" src="img/footer/pay-mir.svg" alt="" loading="lazy" width="49" height="24"/><img class="footer__payment-icon" src="img/footer/pay-yoomoney.svg" alt="" loading="lazy" width="34" height="24"/><img class="footer__payment-icon" src="img/footer/pay-halva.svg" alt="" loading="lazy" width="24" height="24"/><img class="footer__payment-icon" src="img/footer/pay-tbank.svg" alt="" loading="lazy" width="24" height="24"/>
        </div>
        <div class="footer__legal">
          <a class="footer__legal-link" href="#">Конфиденциальность
          </a>
          <a class="footer__legal-link" href="#">Оферта
          </a>
        </div>
      </div>
    </div>
  </div>
</footer>
<!-- end footer-->"
`;
